---
http_interactions:
- request:
    method: get
    uri: https://news.ycombinator.com/
    body:
      encoding: US-ASCII
      string: ''
    headers:
      Accept-Encoding:
      - gzip;q=1.0,deflate;q=0.6,identity;q=0.3
      Accept:
      - "*/*"
      User-Agent:
      - Ruby
  response:
    status:
      code: 200
      message: OK
    headers:
      Server:
      - nginx
      Date:
      - Tue, 30 Jul 2019 06:12:01 GMT
      Content-Type:
      - text/html; charset=utf-8
      Transfer-Encoding:
      - chunked
      Connection:
      - keep-alive
      Vary:
      - Accept-Encoding
      Cache-Control:
      - private; max-age=0
      X-Frame-Options:
      - DENY
      X-Content-Type-Options:
      - nosniff
      X-Xss-Protection:
      - 1; mode=block
      Referrer-Policy:
      - origin
      Strict-Transport-Security:
      - max-age=31556900
      Content-Security-Policy:
      - default-src 'self'; script-src 'self' 'unsafe-inline' https://www.google.com/recaptcha/
        https://www.gstatic.com/recaptcha/ https://cdnjs.cloudflare.com/; frame-src
        'self' https://www.google.com/recaptcha/; style-src 'self' 'unsafe-inline'
    body:
      encoding: ASCII-8BIT
      string: |
        <html op="news">
        <head>
          <meta name="referrer" content="origin">
          <meta name="viewport" content="width=device-width, initial-scale=1.0">
          <link rel="stylesheet" type="text/css" href="news.css?sRjtbb6xO9i7VE6fQU6O">
          <link rel="shortcut icon" href="favicon.ico">
          <link rel="alternate" type="application/rss+xml" title="RSS" href="rss">
          <title>Hacker News</title></head>
        <body></body>
        </html>
    http_version: 
  recorded_at: Tue, 30 Jul 2019 06:11:52 GMT
- request:
    method: get
    uri: https://news.ycombinator.com/rss
    body:
      encoding: US-ASCII
      string: ''
    headers:
      Accept-Encoding:
      - gzip;q=1.0,deflate;q=0.6,identity;q=0.3
      Accept:
      - "*/*"
      User-Agent:
      - Ruby
  response:
    status:
      code: 200
      message: OK
    headers:
      Server:
      - nginx
      Date:
      - Tue, 30 Jul 2019 06:12:07 GMT
      Content-Type:
      - application/rss+xml; charset=utf-8
      Transfer-Encoding:
      - chunked
      Connection:
      - keep-alive
      Cache-Control:
      - private; max-age=0
      X-Frame-Options:
      - DENY
      X-Content-Type-Options:
      - nosniff
      X-Xss-Protection:
      - 1; mode=block
      Referrer-Policy:
      - origin
      Strict-Transport-Security:
      - max-age=31556900
      Content-Security-Policy:
      - default-src 'self'; script-src 'self' 'unsafe-inline' https://www.google.com/recaptcha/
        https://www.gstatic.com/recaptcha/ https://cdnjs.cloudflare.com/; frame-src
        'self' https://www.google.com/recaptcha/; style-src 'self' 'unsafe-inline'
    body:
      encoding: ASCII-8BIT
      string: |
        <rss version="2.0">
          <channel>
            <title>Hacker News</title>
            <link>https://news.ycombinator.com/</link>
            <description>Links for the intellectually curious, ranked by readers.</description>
            <item>
              <title>What Happened with West Virginia’s Blockchain Voting Experiment?</title>
              <link>https://slate.com/technology/2019/07/west-virginia-blockchain-voting-voatz.html</link>
              <pubDate>Mon, 29 Jul 2019 13:13:51 +0000</pubDate>
              <comments>https://news.ycombinator.com/item?id=20554240</comments>
              <description>
                <![CDATA[<a href="https://news.ycombinator.com/item?id=20554240">Comments</a>]]></description>
            </item>
          </channel>
        </rss>
    http_version: 
  recorded_at: Tue, 30 Jul 2019 06:11:57 GMT
- request:
    method: get
    uri: https://news.ycombinator.com/rss
    body:
      encoding: US-ASCII
      string: ''
    headers:
      Accept-Encoding:
      - gzip;q=1.0,deflate;q=0.6,identity;q=0.3
      Accept:
      - "*/*"
      User-Agent:
      - Ruby
  response:
    status:
      code: 200
      message: OK
    headers:
      Server:
      - nginx
      Date:
      - Tue, 30 Jul 2019 06:12:10 GMT
      Content-Type:
      - application/rss+xml; charset=utf-8
      Transfer-Encoding:
      - chunked
      Connection:
      - keep-alive
      Cache-Control:
      - private; max-age=0
      X-Frame-Options:
      - DENY
      X-Content-Type-Options:
      - nosniff
      X-Xss-Protection:
      - 1; mode=block
      Referrer-Policy:
      - origin
      Strict-Transport-Security:
      - max-age=31556900
      Content-Security-Policy:
      - default-src 'self'; script-src 'self' 'unsafe-inline' https://www.google.com/recaptcha/
        https://www.gstatic.com/recaptcha/ https://cdnjs.cloudflare.com/; frame-src
        'self' https://www.google.com/recaptcha/; style-src 'self' 'unsafe-inline'
    body:
      encoding: ASCII-8BIT
      string: |
        <rss version="2.0">
          <channel>
            <title>Hacker News</title>
            <link>https://news.ycombinator.com/</link>
            <description>Links for the intellectually curious, ranked by readers.</description>
            <item>
              <title>What Happened with West Virginia’s Blockchain Voting Experiment?</title>
              <link>https://slate.com/technology/2019/07/west-virginia-blockchain-voting-voatz.html</link>
              <pubDate>Mon, 29 Jul 2019 13:13:51 +0000</pubDate>
              <comments>https://news.ycombinator.com/item?id=20554240</comments>
              <description>
                <![CDATA[<a href="https://news.ycombinator.com/item?id=20554240">Comments</a>]]></description>
            </item>
          </channel>
        </rss>
    http_version: 
  recorded_at: Tue, 30 Jul 2019 06:12:00 GMT
recorded_with: VCR 5.0.0
